0 verbose cli /usr/local/bin/node /usr/local/bin/npm
1 info using npm@11.13.0
2 info using node@v26.1.0
3 silly config load:file:/usr/local/lib/node_modules/npm/npmrc
4 silly config load:file:/Users/khushal/Desktop/Learning/Shopify App/migration-app/.npmrc
5 silly config load:file:/Users/khushal/.npmrc
6 silly config load:file:/usr/local/etc/npmrc
7 verbose title npm install @shopify/polaris @shopify/polaris-icons
8 verbose argv "install" "@shopify/polaris" "@shopify/polaris-icons"
9 verbose logfile logs-max:10 dir:/Users/khushal/Desktop/Learning/Shopify App/migration-app/.npm-cache/_logs/2026-05-26T07_37_59_082Z-
10 verbose logfile /Users/khushal/Desktop/Learning/Shopify App/migration-app/.npm-cache/_logs/2026-05-26T07_37_59_082Z-debug-0.log
11 warn Unknown project config "shamefully-hoist". This will stop working in the next major version of npm. See `npm help npmrc` for supported config options.
12 silly logfile done cleaning log files
13 silly packumentCache heap:4395630592 maxSize:1098907648 maxEntrySize:549453824
14 verbose shrinkwrap failed to load node_modules/.package-lock.json out of date, updated: node_modules
15 silly idealTree buildDeps
16 silly fetch manifest @shopify/polaris@*
17 silly packumentCache full:https://registry.npmjs.org/@shopify%2fpolaris cache-miss
18 http fetch GET 200 https://registry.npmjs.org/npm 326ms
19 http fetch GET 200 https://registry.npmjs.org/@shopify%2fpolaris 1059ms (cache miss)
20 silly packumentCache full:https://registry.npmjs.org/@shopify%2fpolaris set size:undefined disposed:false
21 silly fetch manifest react@^18.3.1
22 silly packumentCache full:https://registry.npmjs.org/react cache-miss
23 http fetch GET 200 https://registry.npmjs.org/react 314ms (cache miss)
24 silly packumentCache full:https://registry.npmjs.org/react set size:undefined disposed:false
25 silly fetch manifest react-dom@^18.3.1
26 silly packumentCache full:https://registry.npmjs.org/react-dom cache-miss
27 http fetch GET 200 https://registry.npmjs.org/react-dom 345ms (cache miss)
28 silly packumentCache full:https://registry.npmjs.org/react-dom set size:undefined disposed:false
29 silly fetch manifest @shopify/polaris-icons@*
30 silly packumentCache full:https://registry.npmjs.org/@shopify%2fpolaris-icons cache-miss
31 http fetch GET 200 https://registry.npmjs.org/@shopify%2fpolaris-icons 847ms (cache miss)
32 silly packumentCache full:https://registry.npmjs.org/@shopify%2fpolaris-icons set size:undefined disposed:false
33 silly placeDep ROOT @shopify/polaris@13.9.5 OK for:  want: *
34 silly placeDep ROOT @shopify/polaris-icons@9.3.1 OK for:  want: *
35 silly fetch manifest react-fast-compare@^3.2.0
36 silly packumentCache full:https://registry.npmjs.org/react-fast-compare cache-miss
37 silly fetch manifest @shopify/polaris-icons@^9.3.1
38 silly packumentCache full:https://registry.npmjs.org/@shopify%2fpolaris-icons cache-miss
39 silly fetch manifest react-transition-group@^4.4.2
40 silly packumentCache full:https://registry.npmjs.org/react-transition-group cache-miss
41 silly fetch manifest @shopify/polaris-tokens@^9.4.2
42 silly packumentCache full:https://registry.npmjs.org/@shopify%2fpolaris-tokens cache-miss
43 silly fetch manifest @types/react-transition-group@^4.4.2
44 silly packumentCache full:https://registry.npmjs.org/@types%2freact-transition-group cache-miss
45 http cache https://registry.npmjs.org/@shopify%2fpolaris-icons 9ms (cache hit)
46 silly packumentCache full:https://registry.npmjs.org/@shopify%2fpolaris-icons set size:3248423 disposed:false
47 http fetch GET 200 https://registry.npmjs.org/react-fast-compare 51ms (cache miss)
48 silly packumentCache full:https://registry.npmjs.org/react-fast-compare set size:undefined disposed:false
49 http fetch GET 200 https://registry.npmjs.org/react-transition-group 52ms (cache miss)
50 silly packumentCache full:https://registry.npmjs.org/react-transition-group set size:undefined disposed:false
51 http fetch GET 200 https://registry.npmjs.org/@types%2freact-transition-group 362ms (cache miss)
52 silly packumentCache full:https://registry.npmjs.org/@types%2freact-transition-group set size:undefined disposed:false
53 http fetch GET 200 https://registry.npmjs.org/@shopify%2fpolaris-tokens 871ms (cache miss)
54 silly packumentCache full:https://registry.npmjs.org/@shopify%2fpolaris-tokens set size:undefined disposed:false
55 silly fetch manifest react@^18.0.0
56 silly packumentCache full:https://registry.npmjs.org/react cache-miss
57 http cache https://registry.npmjs.org/react 7ms (cache hit)
58 silly packumentCache full:https://registry.npmjs.org/react set size:6650647 disposed:false
59 silly fetch manifest react-dom@^18.0.0
60 silly packumentCache full:https://registry.npmjs.org/react-dom cache-miss
61 http cache https://registry.npmjs.org/react-dom 11ms (cache hit)
62 silly packumentCache full:https://registry.npmjs.org/react-dom set size:8868827 disposed:false
63 silly fetch manifest @types/react@*
64 silly packumentCache full:https://registry.npmjs.org/@types%2freact cache-miss
65 http fetch GET 200 https://registry.npmjs.org/@types%2freact 181ms (cache miss)
66 silly packumentCache full:https://registry.npmjs.org/@types%2freact set size:undefined disposed:false
67 silly placeDep ROOT @shopify/polaris-tokens@9.4.2 OK for: @shopify/polaris@13.9.5 want: ^9.4.2
68 silly placeDep ROOT @types/react-transition-group@4.4.12 OK for: @shopify/polaris@13.9.5 want: ^4.4.2
69 silly placeDep ROOT react-fast-compare@3.2.2 OK for: @shopify/polaris@13.9.5 want: ^3.2.0
70 silly placeDep ROOT react-transition-group@4.4.5 OK for: @shopify/polaris@13.9.5 want: ^4.4.2
71 silly fetch manifest deepmerge@^4.3.1
72 silly packumentCache full:https://registry.npmjs.org/deepmerge cache-miss
73 silly fetch manifest dom-helpers@^5.0.1
74 silly packumentCache full:https://registry.npmjs.org/dom-helpers cache-miss
75 http fetch GET 200 https://registry.npmjs.org/deepmerge 43ms (cache miss)
76 silly packumentCache full:https://registry.npmjs.org/deepmerge set size:undefined disposed:false
77 http fetch GET 200 https://registry.npmjs.org/dom-helpers 49ms (cache miss)
78 silly packumentCache full:https://registry.npmjs.org/dom-helpers set size:undefined disposed:false
79 silly placeDep ROOT deepmerge@4.3.1 OK for: @shopify/polaris-tokens@9.4.2 want: ^4.3.1
80 silly placeDep ROOT dom-helpers@5.2.1 OK for: react-transition-group@4.4.5 want: ^5.0.1
81 silly reify moves {}
82 silly audit bulk request {
82 silly audit   '@ardatan/relay-compiler': [ '13.0.1' ],
82 silly audit   '@babel/code-frame': [ '7.29.7' ],
82 silly audit   '@babel/compat-data': [ '7.29.7' ],
82 silly audit   '@babel/core': [ '7.29.7' ],
82 silly audit   semver: [ '6.3.1', '7.8.1' ],
82 silly audit   '@babel/generator': [ '7.29.7' ],
82 silly audit   '@babel/helper-annotate-as-pure': [ '7.29.7' ],
82 silly audit   '@babel/helper-compilation-targets': [ '7.29.7' ],
82 silly audit   '@babel/helper-create-class-features-plugin': [ '7.29.7' ],
82 silly audit   '@babel/helper-globals': [ '7.29.7' ],
82 silly audit   '@babel/helper-member-expression-to-functions': [ '7.29.7' ],
82 silly audit   '@babel/helper-module-imports': [ '7.29.7' ],
82 silly audit   '@babel/helper-module-transforms': [ '7.29.7' ],
82 silly audit   '@babel/helper-optimise-call-expression': [ '7.29.7' ],
82 silly audit   '@babel/helper-plugin-utils': [ '7.29.7' ],
82 silly audit   '@babel/helper-replace-supers': [ '7.29.7' ],
82 silly audit   '@babel/helper-skip-transparent-expression-wrappers': [ '7.29.7' ],
82 silly audit   '@babel/helper-string-parser': [ '7.29.7' ],
82 silly audit   '@babel/helper-validator-identifier': [ '7.29.7' ],
82 silly audit   '@babel/helper-validator-option': [ '7.29.7' ],
82 silly audit   '@babel/helpers': [ '7.29.7' ],
82 silly audit   '@babel/parser': [ '7.29.7' ],
82 silly audit   '@babel/plugin-syntax-import-assertions': [ '7.29.7' ],
82 silly audit   '@babel/plugin-syntax-jsx': [ '7.29.7' ],
82 silly audit   '@babel/plugin-syntax-typescript': [ '7.29.7' ],
82 silly audit   '@babel/plugin-transform-modules-commonjs': [ '7.29.7' ],
82 silly audit   '@babel/plugin-transform-typescript': [ '7.29.7' ],
82 silly audit   '@babel/preset-typescript': [ '7.29.7' ],
82 silly audit   '@babel/runtime': [ '7.29.7' ],
82 silly audit   '@babel/template': [ '7.29.7' ],
82 silly audit   '@babel/traverse': [ '7.29.7' ],
82 silly audit   '@babel/types': [ '7.29.7' ],
82 silly audit   '@emnapi/core': [ '1.10.0' ],
82 silly audit   '@emnapi/runtime': [ '1.10.0' ],
82 silly audit   '@emnapi/wasi-threads': [ '1.2.1' ],
82 silly audit   '@envelop/core': [ '5.5.1' ],
82 silly audit   '@envelop/instrumentation': [ '1.0.0' ],
82 silly audit   '@envelop/types': [ '5.2.1' ],
82 silly audit   '@esbuild/aix-ppc64': [ '0.25.12' ],
82 silly audit   '@esbuild/android-arm': [ '0.25.12' ],
82 silly audit   '@esbuild/android-arm64': [ '0.25.12' ],
82 silly audit   '@esbuild/android-x64': [ '0.25.12' ],
82 silly audit   '@esbuild/darwin-arm64': [ '0.25.12' ],
82 silly audit   '@esbuild/darwin-x64': [ '0.25.12' ],
82 silly audit   '@esbuild/freebsd-arm64': [ '0.25.12' ],
82 silly audit   '@esbuild/freebsd-x64': [ '0.25.12' ],
82 silly audit   '@esbuild/linux-arm': [ '0.25.12' ],
82 silly audit   '@esbuild/linux-arm64': [ '0.25.12' ],
82 silly audit   '@esbuild/linux-ia32': [ '0.25.12' ],
82 silly audit   '@esbuild/linux-loong64': [ '0.25.12' ],
82 silly audit   '@esbuild/linux-mips64el': [ '0.25.12' ],
82 silly audit   '@esbuild/linux-ppc64': [ '0.25.12' ],
82 silly audit   '@esbuild/linux-riscv64': [ '0.25.12' ],
82 silly audit   '@esbuild/linux-s390x': [ '0.25.12' ],
82 silly audit   '@esbuild/linux-x64': [ '0.25.12' ],
82 silly audit   '@esbuild/netbsd-arm64': [ '0.25.12' ],
82 silly audit   '@esbuild/netbsd-x64': [ '0.25.12' ],
82 silly audit   '@esbuild/openbsd-arm64': [ '0.25.12' ],
82 silly audit   '@esbuild/openbsd-x64': [ '0.25.12' ],
82 silly audit   '@esbuild/openharmony-arm64': [ '0.25.12' ],
82 silly audit   '@esbuild/sunos-x64': [ '0.25.12' ],
82 silly audit   '@esbuild/win32-arm64': [ '0.25.12' ],
82 silly audit   '@esbuild/win32-ia32': [ '0.25.12' ],
82 silly audit   '@esbuild/win32-x64': [ '0.25.12' ],
82 silly audit   '@eslint-community/eslint-utils': [ '4.9.1' ],
82 silly audit   '@eslint-community/regexpp': [ '4.12.2' ],
82 silly audit   '@eslint/eslintrc': [ '2.1.4' ],
82 silly audit   'brace-expansion': [ '1.1.14', '2.1.1', '5.0.6' ],
82 silly audit   minimatch: [ '3.1.5', '9.0.3', '10.2.5', '9.0.9' ],
82 silly audit   '@eslint/js': [ '8.57.1' ],
82 silly audit   '@fastify/busboy': [ '3.2.0' ],
82 silly audit   '@graphql-codegen/add': [ '5.0.3' ],
82 silly audit   tslib: [ '2.6.3', '2.8.1' ],
82 silly audit   '@graphql-codegen/cli': [ '5.0.7' ],
82 silly audit   '@graphql-codegen/client-preset': [ '4.8.3' ],
82 silly audit   '@graphql-codegen/schema-ast': [ '4.1.0', '5.0.2' ],
82 silly audit   '@graphql-codegen/typescript': [ '4.1.6', '5.0.10' ],
82 silly audit   '@graphql-codegen/core': [ '4.0.2' ],
82 silly audit   '@graphql-codegen/gql-tag-operations': [ '4.0.17' ],
82 silly audit   '@graphql-codegen/introspection': [ '4.0.3' ],
82 silly audit   '@graphql-codegen/plugin-helpers': [ '5.1.1', '6.3.0' ],
82 silly audit   lodash: [ '4.17.23', '4.18.1' ],
82 silly audit   '@graphql-tools/utils': [ '11.1.0', '10.11.0' ],
82 silly audit   '@graphql-codegen/typed-document-node': [ '5.1.2' ],
82 silly audit   '@graphql-codegen/typescript-operations': [ '4.6.1' ],
82 silly audit   '@graphql-codegen/visitor-plugin-common': [ '6.3.0', '5.8.0' ],
82 silly audit   'dependency-graph': [ '1.0.0', '0.11.0' ],
82 silly audit   '@graphql-hive/signal': [ '1.0.0', '2.0.0' ],
82 silly audit   '@graphql-tools/apollo-engine-loader': [ '8.0.30' ],
82 silly audit   '@graphql-tools/batch-execute': [ '9.0.19', '10.0.8' ],
82 silly audit   '@graphql-tools/code-file-loader': [ '8.1.32' ],
82 silly audit   '@graphql-tools/delegate': [ '10.2.23', '12.0.16' ],
82 silly audit   '@graphql-tools/documents': [ '1.0.1' ],
82 silly audit   '@graphql-tools/executor': [ '1.5.3' ],
82 silly audit   '@graphql-tools/executor-common': [ '0.0.4', '0.0.6', '1.0.6' ],
82 silly audit   '@graphql-tools/executor-graphql-ws': [ '2.0.7', '3.1.5' ],
82 silly audit   '@graphql-tools/executor-http': [ '1.3.3', '3.3.0' ],
82 silly audit   '@graphql-tools/executor-legacy-ws': [ '1.1.28' ],
82 silly audit   '@graphql-tools/git-loader': [ '8.0.36' ],
82 silly audit   '@graphql-tools/github-loader': [ '8.0.22' ],
82 silly audit   'node-fetch': [ '3.3.2', '2.7.0' ],
82 silly audit   'sync-fetch': [ '0.6.0-2', '0.6.0' ],
82 silly audit   '@graphql-tools/graphql-file-loader': [ '8.1.14' ],
82 silly audit   '@graphql-tools/graphql-tag-pluck': [ '8.3.31' ],
82 silly audit   '@graphql-tools/import': [ '7.1.14' ],
82 silly audit   '@graphql-tools/json-file-loader': [ '8.0.28' ],
82 silly audit   '@graphql-tools/load': [ '8.1.10' ],
82 silly audit   '@graphql-tools/merge': [ '9.1.9' ],
82 silly audit   '@graphql-tools/optimize': [ '2.0.0' ],
82 silly audit   '@graphql-tools/prisma-loader': [ '8.0.17' ],
82 silly audit   '@graphql-tools/relay-operation-optimizer': [ '7.1.4' ],
82 silly audit   '@graphql-tools/schema': [ '10.0.33' ],
82 silly audit   '@graphql-tools/url-loader': [ '8.0.33', '9.1.2' ],
82 silly audit   '@graphql-tools/wrap': [ '10.1.4', '11.1.15' ],
82 silly audit   '@graphql-typed-document-node/core': [ '3.2.0' ],
82 silly audit   '@humanwhocodes/config-array': [ '0.13.0' ],
82 silly audit   '@humanwhocodes/module-importer': [ '1.0.1' ],
82 silly audit   '@humanwhocodes/object-schema': [ '2.0.3' ],
82 silly audit   '@inquirer/external-editor': [ '1.0.3' ],
82 silly audit   'iconv-lite': [ '0.7.2', '0.4.24' ],
82 silly audit   '@jridgewell/gen-mapping': [ '0.3.13' ],
82 silly audit   '@jridgewell/remapping': [ '2.3.5' ],
82 silly audit   '@jridgewell/resolve-uri': [ '3.1.2' ],
82 silly audit   '@jridgewell/sourcemap-codec': [ '1.5.5' ],
82 silly audit   '@jridgewell/trace-mapping': [ '0.3.31' ],
82 silly audit   '@mjackson/node-fetch-server': [ '0.2.0' ],
82 silly audit   '@napi-rs/wasm-runtime': [ '1.1.4' ],
82 silly audit   '@nodelib/fs.scandir': [ '2.1.5' ],
82 silly audit   '@nodelib/fs.stat': [ '2.0.5' ],
82 silly audit   '@nodelib/fs.walk': [ '1.2.8' ],
82 silly audit   '@nolyfill/is-core-module': [ '1.0.39' ],
82 silly audit   '@parcel/watcher': [ '2.5.6' ],
82 silly audit   '@parcel/watcher-android-arm64': [ '2.5.6' ],
82 silly audit   '@parcel/watcher-darwin-arm64': [ '2.5.6' ],
82 silly audit   '@parcel/watcher-darwin-x64': [ '2.5.6' ],
82 silly audit   '@parcel/watcher-freebsd-x64': [ '2.5.6' ],
82 silly audit   '@parcel/watcher-linux-arm-glibc': [ '2.5.6' ],
82 silly audit   '@parcel/watcher-linux-arm-musl': [ '2.5.6' ],
82 silly audit   '@parcel/watcher-linux-arm64-glibc': [ '2.5.6' ],
82 silly audit   '@parcel/watcher-linux-arm64-musl': [ '2.5.6' ],
82 silly audit   '@parcel/watcher-linux-x64-glibc': [ '2.5.6' ],
82 silly audit   '@parcel/watcher-linux-x64-musl': [ '2.5.6' ],
82 silly audit   '@parcel/watcher-win32-arm64': [ '2.5.6' ],
82 silly audit   '@parcel/watcher-win32-ia32': [ '2.5.6' ],
82 silly audit   '@parcel/watcher-win32-x64': [ '2.5.6' ],
82 silly audit   '@prisma/client': [ '6.19.3' ],
82 silly audit   '@prisma/config': [ '6.19.3' ],
82 silly audit   '@prisma/debug': [ '6.19.3' ],
82 silly audit   '@prisma/engines': [ '6.19.3' ],
82 silly audit   '@prisma/engines-version': [ '7.1.1-3.c2990dca591cba766e3b7ef5d9e8a84796e47ab7' ],
82 silly audit   '@prisma/fetch-engine': [ '6.19.3' ],
82 silly audit   '@prisma/get-platform': [ '6.19.3' ],
82 silly audit   '@react-router/dev': [ '7.15.1' ],
82 silly audit   '@react-router/express': [ '7.15.1' ],
82 silly audit   '@react-router/fs-routes': [ '7.15.1' ],
82 silly audit   '@react-router/node': [ '7.15.1' ],
82 silly audit   '@react-router/serve': [ '7.15.1' ],
82 silly audit   '@remix-run/node-fetch-server': [ '0.13.3' ],
82 silly audit   '@repeaterjs/repeater': [ '3.0.6' ],
82 silly audit   '@rollup/rollup-android-arm-eabi': [ '4.60.4' ],
82 silly audit   '@rollup/rollup-android-arm64': [ '4.60.4' ],
82 silly audit   '@rollup/rollup-darwin-arm64': [ '4.60.4' ],
82 silly audit   '@rollup/rollup-darwin-x64': [ '4.60.4' ],
82 silly audit   '@rollup/rollup-freebsd-arm64': [ '4.60.4' ],
82 silly audit   '@rollup/rollup-freebsd-x64': [ '4.60.4' ],
82 silly audit   '@rollup/rollup-linux-arm-gnueabihf': [ '4.60.4' ],
82 silly audit   '@rollup/rollup-linux-arm-musleabihf': [ '4.60.4' ],
82 silly audit   '@rollup/rollup-linux-arm64-gnu': [ '4.60.4' ],
82 silly audit   '@rollup/rollup-linux-arm64-musl': [ '4.60.4' ],
82 silly audit   '@rollup/rollup-linux-loong64-gnu': [ '4.60.4' ],
82 silly audit   '@rollup/rollup-linux-loong64-musl': [ '4.60.4' ],
82 silly audit   '@rollup/rollup-linux-ppc64-gnu': [ '4.60.4' ],
82 silly audit   '@rollup/rollup-linux-ppc64-musl': [ '4.60.4' ],
82 silly audit   '@rollup/rollup-linux-riscv64-gnu': [ '4.60.4' ],
82 silly audit   '@rollup/rollup-linux-riscv64-musl': [ '4.60.4' ],
82 silly audit   '@rollup/rollup-linux-s390x-gnu': [ '4.60.4' ],
82 silly audit   '@rollup/rollup-linux-x64-gnu': [ '4.60.4' ],
82 silly audit   '@rollup/rollup-linux-x64-musl': [ '4.60.4' ],
82 silly audit   '@rollup/rollup-openbsd-x64': [ '4.60.4' ],
82 silly audit   '@rollup/rollup-openharmony-arm64': [ '4.60.4' ],
82 silly audit   '@rollup/rollup-win32-arm64-msvc': [ '4.60.4' ],
82 silly audit   '@rollup/rollup-win32-ia32-msvc': [ '4.60.4' ],
82 silly audit   '@rollup/rollup-win32-x64-gnu': [ '4.60.4' ],
82 silly audit   '@rollup/rollup-win32-x64-msvc': [ '4.60.4' ],
82 silly audit   '@rtsao/scc': [ '1.1.0' ],
82 silly audit   '@shopify/admin-api-client': [ '1.1.2' ],
82 silly audit   '@shopify/api-codegen-preset': [ '1.2.2' ],
82 silly audit   '@shopify/app-bridge-react': [ '4.2.10' ],
82 silly audit   '@shopify/app-bridge-types': [ '0.7.0' ],
82 silly audit   '@shopify/graphql-client': [ '1.4.2' ],
82 silly audit   '@shopify/graphql-codegen': [ '0.1.0' ],
82 silly audit   '@shopify/polaris-types': [ '1.0.1' ],
82 silly audit   '@shopify/shopify-api': [ '13.0.0' ],
82 silly audit   '@shopify/shopify-app-react-router': [ '1.2.0' ],
82 silly audit   '@shopify/shopify-app-session-storage': [ '5.0.0' ],
82 silly audit   '@shopify/shopify-app-session-storage-prisma': [ '9.0.0' ],
82 silly audit   '@shopify/storefront-api-client': [ '1.0.10' ],
82 silly audit   '@standard-schema/spec': [ '1.1.0' ],
82 silly audit   '@tybys/wasm-util': [ '0.10.2' ],
82 silly audit   '@types/eslint': [ '9.6.1' ],
82 silly audit   '@types/estree': [ '1.0.9', '1.0.8' ],
82 silly audit   '@types/js-yaml': [ '4.0.9' ],
82 silly audit   '@types/json-schema': [ '7.0.15' ],
82 silly audit   '@types/json5': [ '0.0.29' ],
82 silly audit   '@types/node': [ '22.19.19' ],
82 silly audit   '@types/prop-types': [ '15.7.15' ],
82 silly audit   '@types/react': [ '18.3.29' ],
82 silly audit   '@types/react-dom': [ '18.3.7' ],
82 silly audit   '@types/semver': [ '7.7.1' ],
82 silly audit   '@types/ws': [ '8.18.1' ],
82 silly audit   '@typescript-eslint/eslint-plugin': [ '6.21.0' ],
82 silly audit   '@typescript-eslint/parser': [ '6.21.0' ],
82 silly audit   '@typescript-eslint/scope-manager': [ '6.21.0' ],
82 silly audit   '@typescript-eslint/type-utils': [ '6.21.0' ],
82 silly audit   '@typescript-eslint/types': [ '6.21.0' ],
82 silly audit   '@typescript-eslint/typescript-estree': [ '6.21.0' ],
82 silly audit   '@typescript-eslint/utils': [ '6.21.0' ],
82 silly audit   '@typescript-eslint/visitor-keys': [ '6.21.0' ],
82 silly audit   '@ungap/structured-clone': [ '1.3.1' ],
82 silly audit   '@unrs/resolver-binding-android-arm-eabi': [ '1.12.2' ],
82 silly audit   '@unrs/resolver-binding-android-arm64': [ '1.12.2' ],
82 silly audit   '@unrs/resolver-binding-darwin-arm64': [ '1.12.2' ],
82 silly audit   '@unrs/resolver-binding-darwin-x64': [ '1.12.2' ],
82 silly audit   '@unrs/resolver-binding-freebsd-x64': [ '1.12.2' ],
82 silly audit   '@unrs/resolver-binding-linux-arm-gnueabihf': [ '1.12.2' ],
82 silly audit   '@unrs/resolver-binding-linux-arm-musleabihf': [ '1.12.2' ],
82 silly audit   '@unrs/resolver-binding-linux-arm64-gnu': [ '1.12.2' ],
82 silly audit   '@unrs/resolver-binding-linux-arm64-musl': [ '1.12.2' ],
82 silly audit   '@unrs/resolver-binding-linux-loong64-gnu': [ '1.12.2' ],
82 silly audit   '@unrs/resolver-binding-linux-loong64-musl': [ '1.12.2' ],
82 silly audit   '@unrs/resolver-binding-linux-ppc64-gnu': [ '1.12.2' ],
82 silly audit   '@unrs/resolver-binding-linux-riscv64-gnu': [ '1.12.2' ],
82 silly audit   '@unrs/resolver-binding-linux-riscv64-musl': [ '1.12.2' ],
82 silly audit   '@unrs/resolver-binding-linux-s390x-gnu': [ '1.12.2' ],
82 silly audit   '@unrs/resolver-binding-linux-x64-gnu': [ '1.12.2' ],
82 silly audit   '@unrs/resolver-binding-linux-x64-musl': [ '1.12.2' ],
82 silly audit   '@unrs/resolver-binding-openharmony-arm64': [ '1.12.2' ],
82 silly audit   '@unrs/resolver-binding-wasm32-wasi': [ '1.12.2' ],
82 silly audit   '@unrs/resolver-binding-win32-arm64-msvc': [ '1.12.2' ],
82 silly audit   '@unrs/resolver-binding-win32-ia32-msvc': [ '1.12.2' ],
82 silly audit   '@unrs/resolver-binding-win32-x64-msvc': [ '1.12.2' ],
82 silly audit   '@whatwg-node/disposablestack': [ '0.0.6' ],
82 silly audit   '@whatwg-node/fetch': [ '0.10.13' ],
82 silly audit   '@whatwg-node/node-fetch': [ '0.8.5' ],
82 silly audit   '@whatwg-node/promise-helpers': [ '1.3.2' ],
82 silly audit   accepts: [ '1.3.8' ],
82 silly audit   negotiator: [ '0.6.3', '0.6.4' ],
82 silly audit   acorn: [ '8.16.0' ],
82 silly audit   'acorn-jsx': [ '5.3.2' ],
82 silly audit   'agent-base': [ '7.1.4' ],
82 silly audit   'aggregate-error': [ '3.1.0' ],
82 silly audit   ajv: [ '6.15.0' ],
82 silly audit   'ansi-escapes': [ '4.3.2' ],
82 silly audit   'type-fest': [ '0.21.3', '0.20.2', '4.41.0' ],
82 silly audit   'ansi-regex': [ '5.0.1' ],
82 silly audit   'ansi-styles': [ '4.3.0' ],
82 silly audit   arg: [ '5.0.2' ],
82 silly audit   argparse: [ '2.0.1' ],
82 silly audit   'aria-query': [ '5.3.2' ],
82 silly audit   'array-buffer-byte-length': [ '1.0.2' ],
82 silly audit   'array-flatten': [ '1.1.1' ],
82 silly audit   'array-includes': [ '3.1.9' ],
82 silly audit   'array-union': [ '2.1.0' ],
82 silly audit   'array.prototype.findlast': [ '1.2.5' ],
82 silly audit   'array.prototype.findlastindex': [ '1.2.6' ],
82 silly audit   'array.prototype.flat': [ '1.3.3' ],
82 silly audit   'array.prototype.flatmap': [ '1.3.3' ],
82 silly audit   'array.prototype.tosorted': [ '1.1.4' ],
82 silly audit   'arraybuffer.prototype.slice': [ '1.0.4' ],
82 silly audit   'ast-types-flow': [ '0.0.8' ],
82 silly audit   'astral-regex': [ '2.0.0' ],
82 silly audit   'async-function': [ '1.0.0' ],
82 silly audit   'auto-bind': [ '4.0.0' ],
82 silly audit   'available-typed-arrays': [ '1.0.7' ],
82 silly audit   'axe-core': [ '4.11.4' ],
82 silly audit   'axobject-query': [ '4.1.0' ],
82 silly audit   'babel-dead-code-elimination': [ '1.0.12' ],
82 silly audit   'balanced-match': [ '1.0.2', '4.0.4' ],
82 silly audit   'base64-js': [ '1.5.1' ],
82 silly audit   'baseline-browser-mapping': [ '2.10.32' ],
82 silly audit   'basic-auth': [ '2.0.1' ],
82 silly audit   'safe-buffer': [ '5.1.2', '5.2.1' ],
82 silly audit   bl: [ '4.1.0' ],
82 silly audit   'body-parser': [ '1.20.5' ],
82 silly audit   debug: [ '2.6.9', '4.4.3', '3.2.7' ],
82 silly audit   ms: [ '2.0.0', '2.1.3' ],
82 silly audit   braces: [ '3.0.3' ],
82 silly audit   browserslist: [ '4.28.2' ],
82 silly audit   buffer: [ '5.7.1' ],
82 silly audit   'buffer-from': [ '1.1.2' ],
82 silly audit   bytes: [ '3.1.2' ],
82 silly audit   c12: [ '3.1.0' ],
82 silly audit   jiti: [ '2.7.0', '1.21.7' ],
82 silly audit   pathe: [ '2.0.3', '1.1.2' ],
82 silly audit   cac: [ '6.7.14' ],
82 silly audit   'call-bind': [ '1.0.9' ],
82 silly audit   'call-bind-apply-helpers': [ '1.0.2' ],
82 silly audit   'call-bound': [ '1.0.4' ],
82 silly audit   callsites: [ '3.1.0' ],
82 silly audit   'camel-case': [ '4.1.2' ],
82 silly audit   'caniuse-lite': [ '1.0.30001793' ],
82 silly audit   'capital-case': [ '1.0.4' ],
82 silly audit   chalk: [ '4.1.2' ],
82 silly audit   'change-case': [ '4.1.2' ],
82 silly audit   'change-case-all': [ '1.0.15' ],
82 silly audit   chardet: [ '2.1.1' ],
82 silly audit   chokidar: [ '4.0.3' ],
82 silly audit   citty: [ '0.1.6', '0.2.2' ],
82 silly audit   'clean-stack': [ '2.2.0' ],
82 silly audit   'cli-cursor': [ '3.1.0' ],
82 silly audit   'cli-spinners': [ '2.9.2' ],
82 silly audit   'cli-truncate': [ '2.1.0' ],
82 silly audit   'cli-width': [ '3.0.0' ],
82 silly audit   cliui: [ '8.0.1' ],
82 silly audit   'wrap-ansi': [ '7.0.0', '6.2.0' ],
82 silly audit   clone: [ '1.0.4' ],
82 silly audit   'color-convert': [ '2.0.1' ],
82 silly audit   'color-name': [ '1.1.4' ],
82 silly audit   colorette: [ '2.0.20' ],
82 silly audit   'common-tags': [ '1.8.2' ],
82 silly audit   'compare-versions': [ '6.1.1' ],
82 silly audit   compressible: [ '2.0.18' ],
82 silly audit   compression: [ '1.8.1' ],
82 silly audit   'concat-map': [ '0.0.1' ],
82 silly audit   confbox: [ '0.2.4' ],
82 silly audit   consola: [ '3.4.2' ],
82 silly audit   'constant-case': [ '3.0.4' ],
82 silly audit   'content-disposition': [ '0.5.4' ],
82 silly audit   'content-type': [ '1.0.5' ],
82 silly audit   'convert-source-map': [ '2.0.0' ],
82 silly audit   cookie: [ '0.7.2', '1.1.1' ],
82 silly audit   'cookie-signature': [ '1.0.7' ],
82 silly audit   cosmiconfig: [ '8.3.6' ],
82 silly audit   'cross-fetch': [ '3.2.0' ],
82 silly audit   'cross-inspect': [ '1.0.1' ],
82 silly audit   'cross-spawn': [ '7.0.6' ],
82 silly audit   csstype: [ '3.2.3' ],
82 silly audit   'damerau-levenshtein': [ '1.0.8' ],
82 silly audit   'data-uri-to-buffer': [ '4.0.1' ],
82 silly audit   'data-view-buffer': [ '1.0.2' ],
82 silly audit   'data-view-byte-length': [ '1.0.2' ],
82 silly audit   'data-view-byte-offset': [ '1.0.1' ],
82 silly audit   dataloader: [ '2.2.3' ],
82 silly audit   debounce: [ '1.2.1' ],
82 silly audit   dedent: [ '1.7.2' ],
82 silly audit   'deep-is': [ '0.1.4' ],
82 silly audit   'deepmerge-ts': [ '7.1.5' ],
82 silly audit   defaults: [ '1.0.4' ],
82 silly audit   'define-data-property': [ '1.1.4' ],
82 silly audit   'define-properties': [ '1.2.1' ],
82 silly audit   defu: [ '6.1.7' ],
82 silly audit   depd: [ '2.0.0' ],
82 silly audit   destr: [ '2.0.5' ],
82 silly audit   destroy: [ '1.2.0' ],
82 silly audit   'detect-indent': [ '6.1.0' ],
82 silly audit   'detect-libc': [ '2.1.2' ],
82 silly audit   'dir-glob': [ '3.0.1' ],
82 silly audit   doctrine: [ '3.0.0', '2.1.0' ],
82 silly audit   'dot-case': [ '3.0.4' ],
82 silly audit   dotenv: [ '16.6.1' ],
82 silly audit   dset: [ '3.1.4' ],
82 silly audit   'dunder-proto': [ '1.0.1' ],
82 silly audit   'ee-first': [ '1.1.1' ],
82 silly audit   effect: [ '3.21.0' ],
82 silly audit   'electron-to-chromium': [ '1.5.361' ],
82 silly audit   'emoji-regex': [ '9.2.2', '8.0.0' ],
82 silly audit   empathic: [ '2.0.0' ],
82 silly audit   encodeurl: [ '2.0.0' ],
82 silly audit   'error-ex': [ '1.3.4' ],
82 silly audit   'es-abstract': [ '1.24.2' ],
82 silly audit   'es-define-property': [ '1.0.1' ],
82 silly audit   'es-errors': [ '1.3.0' ],
82 silly audit   'es-iterator-helpers': [ '1.3.2' ],
82 silly audit   'es-module-lexer': [ '1.7.0' ],
82 silly audit   'es-object-atoms': [ '1.1.2' ],
82 silly audit   'es-set-tostringtag': [ '2.1.0' ],
82 silly audit   'es-shim-unscopables': [ '1.1.0' ],
82 silly audit   'es-to-primitive': [ '1.3.0' ],
82 silly audit   esbuild: [ '0.25.12' ],
82 silly audit   escalade: [ '3.2.0' ],
82 silly audit   'escape-html': [ '1.0.3' ],
82 silly audit   'escape-string-regexp': [ '4.0.0', '1.0.5' ],
82 silly audit   eslint: [ '8.57.1' ],
82 silly audit   'eslint-import-resolver-node': [ '0.3.10' ],
82 silly audit   'eslint-import-resolver-typescript': [ '3.10.1' ],
82 silly audit   'eslint-module-utils': [ '2.12.1' ],
82 silly audit   'eslint-plugin-import': [ '2.32.0' ],
82 silly audit   'eslint-plugin-jsx-a11y': [ '6.10.2' ],
82 silly audit   'eslint-plugin-react': [ '7.37.5' ],
82 silly audit   'eslint-plugin-react-hooks': [ '4.6.2' ],
82 silly audit   'eslint-scope': [ '7.2.2' ],
82 silly audit   'eslint-visitor-keys': [ '3.4.3' ],
82 silly audit   espree: [ '9.6.1' ],
82 silly audit   esquery: [ '1.7.0' ],
82 silly audit   esrecurse: [ '4.3.0' ],
82 silly audit   estraverse: [ '5.3.0' ],
82 silly audit   esutils: [ '2.0.3' ],
82 silly audit   etag: [ '1.8.1' ],
82 silly audit   'exit-hook': [ '2.2.1' ],
82 silly audit   express: [ '4.22.2' ],
82 silly audit   exsolve: [ '1.0.8' ],
82 silly audit   'fast-check': [ '3.23.2' ],
82 silly audit   'fast-deep-equal': [ '3.1.3' ],
82 silly audit   'fast-glob': [ '3.3.3' ],
82 silly audit   'glob-parent': [ '5.1.2', '6.0.2' ],
82 silly audit   'fast-json-stable-stringify': [ '2.1.0' ],
82 silly audit   'fast-levenshtein': [ '2.0.6' ],
82 silly audit   fastq: [ '1.20.1' ],
82 silly audit   fdir: [ '6.5.0' ],
82 silly audit   'fetch-blob': [ '3.2.0' ],
82 silly audit   figures: [ '3.2.0' ],
82 silly audit   'file-entry-cache': [ '6.0.1' ],
82 silly audit   'fill-range': [ '7.1.1' ],
82 silly audit   finalhandler: [ '1.3.2' ],
82 silly audit   'find-up': [ '5.0.0' ],
82 silly audit   'flat-cache': [ '3.2.0' ],
82 silly audit   flatted: [ '3.4.2' ],
82 silly audit   'for-each': [ '0.3.5' ],
82 silly audit   'formdata-polyfill': [ '4.0.10' ],
82 silly audit   forwarded: [ '0.2.0' ],
82 silly audit   fresh: [ '0.5.2' ],
82 silly audit   'fs.realpath': [ '1.0.0' ],
82 silly audit   fsevents: [ '2.3.3' ],
82 silly audit   'function-bind': [ '1.1.2' ],
82 silly audit   'function.prototype.name': [ '1.1.8' ],
82 silly audit   'functions-have-names': [ '1.2.3' ],
82 silly audit   'generator-function': [ '2.0.1' ],
82 silly audit   gensync: [ '1.0.0-beta.2' ],
82 silly audit   'get-caller-file': [ '2.0.5' ],
82 silly audit   'get-intrinsic': [ '1.3.0' ],
82 silly audit   'get-port': [ '5.1.1' ],
82 silly audit   'get-proto': [ '1.0.1' ],
82 silly audit   'get-symbol-description': [ '1.1.0' ],
82 silly audit   'get-tsconfig': [ '4.14.0' ],
82 silly audit   giget: [ '2.0.0' ],
82 silly audit   glob: [ '7.2.3' ],
82 silly audit   globals: [ '13.24.0' ],
82 silly audit   globalthis: [ '1.0.4' ],
82 silly audit   globby: [ '11.1.0' ],
82 silly audit   globrex: [ '0.1.2' ],
82 silly audit   gopd: [ '1.2.0' ],
82 silly audit   graphemer: [ '1.4.0' ],
82 silly audit   graphql: [ '16.14.0' ],
82 silly audit   'graphql-config': [ '5.1.6' ],
82 silly audit   'graphql-request': [ '6.1.0' ],
82 silly audit   'graphql-tag': [ '2.12.6' ],
82 silly audit   'graphql-ws': [ '6.0.8' ],
82 silly audit   'has-bigints': [ '1.1.0' ],
82 silly audit   'has-flag': [ '4.0.0' ],
82 silly audit   'has-property-descriptors': [ '1.0.2' ],
82 silly audit   'has-proto': [ '1.2.0' ],
82 silly audit   'has-symbols': [ '1.1.0' ],
82 silly audit   'has-tostringtag': [ '1.0.2' ],
82 silly audit   hasown: [ '2.0.3' ],
82 silly audit   'header-case': [ '2.0.4' ],
82 silly audit   'http-errors': [ '2.0.1' ],
82 silly audit   'http-proxy-agent': [ '7.0.2' ],
82 silly audit   'https-proxy-agent': [ '7.0.6' ],
82 silly audit   ieee754: [ '1.2.1' ],
82 silly audit   ignore: [ '5.3.2' ],
82 silly audit   immutable: [ '5.1.5' ],
82 silly audit   'import-fresh': [ '3.3.1' ],
82 silly audit   'resolve-from': [ '4.0.0', '5.0.0' ],
82 silly audit   'import-from': [ '4.0.0' ],
82 silly audit   imurmurhash: [ '0.1.4' ],
82 silly audit   'indent-string': [ '4.0.0' ],
82 silly audit   inflight: [ '1.0.6' ],
82 silly audit   inherits: [ '2.0.4' ],
82 silly audit   inquirer: [ '8.2.7' ],
82 silly audit   'internal-slot': [ '1.1.0' ],
82 silly audit   invariant: [ '2.2.4' ],
82 silly audit   'ipaddr.js': [ '1.9.1' ],
82 silly audit   'is-absolute': [ '1.0.0' ],
82 silly audit   'is-array-buffer': [ '3.0.5' ],
82 silly audit   'is-arrayish': [ '0.2.1' ],
82 silly audit   'is-async-function': [ '2.1.1' ],
82 silly audit   'is-bigint': [ '1.1.0' ],
82 silly audit   'is-boolean-object': [ '1.2.2' ],
82 silly audit   'is-bun-module': [ '2.0.0' ],
82 silly audit   'is-callable': [ '1.2.7' ],
82 silly audit   'is-core-module': [ '2.16.2' ],
82 silly audit   'is-data-view': [ '1.0.2' ],
82 silly audit   'is-date-object': [ '1.1.0' ],
82 silly audit   'is-extglob': [ '2.1.1' ],
82 silly audit   'is-finalizationregistry': [ '1.1.1' ],
82 silly audit   'is-fullwidth-code-point': [ '3.0.0' ],
82 silly audit   'is-generator-function': [ '1.1.2' ],
82 silly audit   'is-glob': [ '4.0.3' ],
82 silly audit   'is-interactive': [ '1.0.0' ],
82 silly audit   'is-lower-case': [ '2.0.2' ],
82 silly audit   'is-map': [ '2.0.3' ],
82 silly audit   'is-negative-zero': [ '2.0.3' ],
82 silly audit   'is-number': [ '7.0.0' ],
82 silly audit   'is-number-object': [ '1.1.1' ],
82 silly audit   'is-path-inside': [ '3.0.3' ],
82 silly audit   'is-regex': [ '1.2.1' ],
82 silly audit   'is-relative': [ '1.0.0' ],
82 silly audit   'is-set': [ '2.0.3' ],
82 silly audit   'is-shared-array-buffer': [ '1.0.4' ],
82 silly audit   'is-string': [ '1.1.1' ],
82 silly audit   'is-symbol': [ '1.1.1' ],
82 silly audit   'is-typed-array': [ '1.1.15' ],
82 silly audit   'is-unc-path': [ '1.0.0' ],
82 silly audit   'is-unicode-supported': [ '0.1.0' ],
82 silly audit   'is-upper-case': [ '2.0.2' ],
82 silly audit   'is-weakmap': [ '2.0.2' ],
82 silly audit   'is-weakref': [ '1.1.1' ],
82 silly audit   'is-weakset': [ '2.0.4' ],
82 silly audit   'is-windows': [ '1.0.2' ],
82 silly audit   isarray: [ '2.0.5' ],
82 silly audit   isbot: [ '5.1.40' ],
82 silly audit   isexe: [ '2.0.0' ],
82 silly audit   'isomorphic-ws': [ '5.0.0' ],
82 silly audit   isows: [ '1.0.7' ],
82 silly audit   'iterator.prototype': [ '1.1.5' ],
82 silly audit   jose: [ '5.10.0' ],
82 silly audit   'js-tokens': [ '4.0.0' ],
82 silly audit   'js-yaml': [ '4.1.1' ],
82 silly audit   jsesc: [ '3.0.2' ],
82 silly audit   'json-buffer': [ '3.0.1' ],
82 silly audit   'json-parse-even-better-errors': [ '2.3.1' ],
82 silly audit   'json-schema-traverse': [ '0.4.1' ],
82 silly audit   'json-stable-stringify-without-jsonify': [ '1.0.1' ],
82 silly audit   'json-to-pretty-yaml': [ '1.2.2' ],
82 silly audit   json5: [ '2.2.3', '1.0.2' ],
82 silly audit   'jsx-ast-utils': [ '3.3.5' ],
82 silly audit   keyv: [ '4.5.4' ],
82 silly audit   'language-subtag-registry': [ '0.3.23' ],
82 silly audit   'language-tags': [ '1.0.9' ],
82 silly audit   levn: [ '0.4.1' ],
82 silly audit   'lines-and-columns': [ '1.2.4' ],
82 silly audit   listr2: [ '4.0.5' ],
82 silly audit   'locate-path': [ '6.0.0' ],
82 silly audit   'lodash.merge': [ '4.6.2' ],
82 silly audit   'lodash.sortby': [ '4.7.0' ],
82 silly audit   'log-symbols': [ '4.1.0' ],
82 silly audit   'log-update': [ '4.0.0' ],
82 silly audit   'slice-ansi': [ '4.0.0', '3.0.0' ],
82 silly audit   'loose-envify': [ '1.4.0' ],
82 silly audit   'lossless-json': [ '4.3.0' ],
82 silly audit   'lower-case': [ '2.0.2' ],
82 silly audit   'lower-case-first': [ '2.0.2' ],
82 silly audit   'lru-cache': [ '5.1.1' ],
82 silly audit   'map-cache': [ '0.2.2' ],
82 silly audit   'math-intrinsics': [ '1.1.0' ],
82 silly audit   'media-typer': [ '0.3.0' ],
82 silly audit   'merge-descriptors': [ '1.0.3' ],
82 silly audit   merge2: [ '1.4.1' ],
82 silly audit   meros: [ '1.3.2' ],
82 silly audit   methods: [ '1.1.2' ],
82 silly audit   micromatch: [ '4.0.8' ],
82 silly audit   picomatch: [ '2.3.2', '4.0.4' ],
82 silly audit   mime: [ '1.6.0' ],
82 silly audit   'mime-db': [ '1.54.0', '1.52.0' ],
82 silly audit   'mime-types': [ '2.1.35' ],
82 silly audit   'mimic-fn': [ '2.1.0' ],
82 silly audit   minimist: [ '1.2.8' ],
82 silly audit   morgan: [ '1.10.1' ],
82 silly audit   'on-finished': [ '2.3.0', '2.4.1' ],
82 silly audit   'mute-stream': [ '0.0.8' ],
82 silly audit   nanoid: [ '3.3.12' ],
82 silly audit   'napi-postinstall': [ '0.3.4' ],
82 silly audit   'natural-compare': [ '1.4.0' ],
82 silly audit   'no-case': [ '3.0.4' ],
82 silly audit   'node-addon-api': [ '7.1.1' ],
82 silly audit   'node-domexception': [ '1.0.0' ],
82 silly audit   'node-exports-info': [ '1.6.0' ],
82 silly audit   'node-fetch-native': [ '1.6.7' ],
82 silly audit   'node-releases': [ '2.0.46' ],
82 silly audit   'normalize-path': [ '2.1.1' ],
82 silly audit   nypm: [ '0.6.6' ],
82 silly audit   'object-assign': [ '4.1.1' ],
82 silly audit   'object-inspect': [ '1.13.4' ],
82 silly audit   'object-keys': [ '1.1.1' ],
82 silly audit   'object.assign': [ '4.1.7' ],
82 silly audit   'object.entries': [ '1.1.9' ],
82 silly audit   'object.fromentries': [ '2.0.8' ],
82 silly audit   'object.groupby': [ '1.0.3' ],
82 silly audit   'object.values': [ '1.2.1' ],
82 silly audit   ohash: [ '2.0.11' ],
82 silly audit   'on-headers': [ '1.1.0' ],
82 silly audit   once: [ '1.4.0' ],
82 silly audit   onetime: [ '5.1.2' ],
82 silly audit   optionator: [ '0.9.4' ],
82 silly audit   ora: [ '5.4.1' ],
82 silly audit   'own-keys': [ '1.0.1' ],
82 silly audit   'p-limit': [ '3.1.0' ],
82 silly audit   'p-locate': [ '5.0.0' ],
82 silly audit   'p-map': [ '4.0.0' ],
82 silly audit   'param-case': [ '3.0.4' ],
82 silly audit   'parent-module': [ '1.0.1' ],
82 silly audit   'parse-filepath': [ '1.0.2' ],
82 silly audit   'parse-json': [ '5.2.0' ],
82 silly audit   parseurl: [ '1.3.3' ],
82 silly audit   'pascal-case': [ '3.1.2' ],
82 silly audit   'path-case': [ '3.0.4' ],
82 silly audit   'path-exists': [ '4.0.0' ],
82 silly audit   'path-is-absolute': [ '1.0.1' ],
82 silly audit   'path-key': [ '3.1.1' ],
82 silly audit   'path-parse': [ '1.0.7' ],
82 silly audit   'path-root': [ '0.1.1' ],
82 silly audit   'path-root-regex': [ '0.1.2' ],
82 silly audit   'path-to-regexp': [ '0.1.13' ],
82 silly audit   'path-type': [ '4.0.0' ],
82 silly audit   'perfect-debounce': [ '1.0.0' ],
82 silly audit   picocolors: [ '1.1.1' ],
82 silly audit   'pkg-types': [ '2.3.1' ],
82 silly audit   'possible-typed-array-names': [ '1.1.0' ],
82 silly audit   postcss: [ '8.5.15' ],
82 silly audit   'prelude-ls': [ '1.2.1' ],
82 silly audit   prettier: [ '3.8.3' ],
82 silly audit   prisma: [ '6.19.3' ],
82 silly audit   'prop-types': [ '15.8.1' ],
82 silly audit   'proxy-addr': [ '2.0.7' ],
82 silly audit   punycode: [ '2.3.1' ],
82 silly audit   'pure-rand': [ '6.1.0' ],
82 silly audit   qs: [ '6.15.2' ],
82 silly audit   'queue-microtask': [ '1.2.3' ],
82 silly audit   'range-parser': [ '1.2.1' ],
82 silly audit   'raw-body': [ '2.5.3' ],
82 silly audit   rc9: [ '2.1.2' ],
82 silly audit   react: [ '18.3.1' ],
82 silly audit   'react-dom': [ '18.3.1' ],
82 silly audit   'react-is': [ '16.13.1' ],
82 silly audit   'react-refresh': [ '0.14.2' ],
82 silly audit   'react-router': [ '7.15.1' ],
82 silly audit   'readable-stream': [ '3.6.2' ],
82 silly audit   readdirp: [ '4.1.2' ],
82 silly audit   'reflect.getprototypeof': [ '1.0.10' ],
82 silly audit   'regexp.prototype.flags': [ '1.5.4' ],
82 silly audit   remedial: [ '1.0.8' ],
82 silly audit   'remove-trailing-separator': [ '1.1.0' ],
82 silly audit   'remove-trailing-spaces': [ '1.0.9' ],
82 silly audit   'require-directory': [ '2.1.1' ],
82 silly audit   resolve: [ '2.0.0-next.7' ],
82 silly audit   'resolve-pkg-maps': [ '1.0.0' ],
82 silly audit   'restore-cursor': [ '3.1.0' ],
82 silly audit   reusify: [ '1.1.0' ],
82 silly audit   rfdc: [ '1.4.1' ],
82 silly audit   rimraf: [ '3.0.2' ],
82 silly audit   rollup: [ '4.60.4' ],
82 silly audit   'run-async': [ '2.4.1' ],
82 silly audit   'run-parallel': [ '1.2.0' ],
82 silly audit   rxjs: [ '7.8.2' ],
82 silly audit   'safe-array-concat': [ '1.1.4' ],
82 silly audit   'safe-push-apply': [ '1.0.0' ],
82 silly audit   'safe-regex-test': [ '1.1.0' ],
82 silly audit   'safer-buffer': [ '2.1.2' ],
82 silly audit   scheduler: [ '0.23.2' ],
82 silly audit   scuid: [ '1.1.0' ],
82 silly audit   send: [ '0.19.2' ],
82 silly audit   'sentence-case': [ '3.0.4' ],
82 silly audit   'serve-static': [ '1.16.3' ],
82 silly audit   'set-cookie-parser': [ '2.7.2' ],
82 silly audit   'set-function-length': [ '1.2.2' ],
82 silly audit   'set-function-name': [ '2.0.2' ],
82 silly audit   'set-proto': [ '1.0.0' ],
82 silly audit   setprototypeof: [ '1.2.0' ],
82 silly audit   'shebang-command': [ '2.0.0' ],
82 silly audit   'shebang-regex': [ '3.0.0' ],
82 silly audit   'shell-quote': [ '1.8.4' ],
82 silly audit   'side-channel': [ '1.1.0' ],
82 silly audit   'side-channel-list': [ '1.0.1' ],
82 silly audit   'side-channel-map': [ '1.0.1' ],
82 silly audit   'side-channel-weakmap': [ '1.0.2' ],
82 silly audit   'signal-exit': [ '3.0.7' ],
82 silly audit   slash: [ '3.0.0' ],
82 silly audit   'snake-case': [ '3.0.4' ],
82 silly audit   'source-map': [ '0.6.1' ],
82 silly audit   'source-map-js': [ '1.2.1' ],
82 silly audit   'source-map-support': [ '0.5.21' ],
82 silly audit   'sponge-case': [ '1.0.1' ],
82 silly audit   'stable-hash': [ '0.0.5' ],
82 silly audit   statuses: [ '2.0.2' ],
82 silly audit   'stop-iteration-iterator': [ '1.1.0' ],
82 silly audit   string_decoder: [ '1.3.0' ],
82 silly audit   'string-env-interpolation': [ '1.0.1' ],
82 silly audit   'string-width': [ '4.2.3' ],
82 silly audit   'string.prototype.includes': [ '2.0.1' ],
82 silly audit   'string.prototype.matchall': [ '4.0.12' ],
82 silly audit   'string.prototype.repeat': [ '1.0.0' ],
82 silly audit   'string.prototype.trim': [ '1.2.10' ],
82 silly audit   'string.prototype.trimend': [ '1.0.9' ],
82 silly audit   'string.prototype.trimstart': [ '1.0.8' ],
82 silly audit   'strip-ansi': [ '6.0.1' ],
82 silly audit   'strip-bom': [ '3.0.0' ],
82 silly audit   'strip-json-comments': [ '3.1.1' ],
82 silly audit   'supports-color': [ '7.2.0' ],
82 silly audit   'supports-preserve-symlinks-flag': [ '1.0.0' ],
82 silly audit   'swap-case': [ '2.0.2' ],
82 silly audit   'text-table': [ '0.2.0' ],
82 silly audit   through: [ '2.3.8' ],
82 silly audit   'timeout-signal': [ '2.0.0' ],
82 silly audit   tinyexec: [ '1.2.2' ],
82 silly audit   tinyglobby: [ '0.2.16' ],
82 silly audit   'title-case': [ '3.0.3' ],
82 silly audit   'to-regex-range': [ '5.0.1' ],
82 silly audit   toidentifier: [ '1.0.1' ],
82 silly audit   tr46: [ '0.0.3' ],
82 silly audit   'ts-api-utils': [ '1.4.3' ],
82 silly audit   'ts-log': [ '2.2.7' ],
82 silly audit   tsconfck: [ '3.1.6' ],
82 silly audit   'tsconfig-paths': [ '3.15.0' ],
82 silly audit   'type-check': [ '0.4.0' ],
82 silly audit   'type-is': [ '1.6.18' ],
82 silly audit   'typed-array-buffer': [ '1.0.3' ],
82 silly audit   'typed-array-byte-length': [ '1.0.3' ],
82 silly audit   'typed-array-byte-offset': [ '1.0.4' ],
82 silly audit   'typed-array-length': [ '1.0.7' ],
82 silly audit   typescript: [ '5.9.3' ],
82 silly audit   'unbox-primitive': [ '1.1.0' ],
82 silly audit   'unc-path-regex': [ '0.1.2' ],
82 silly audit   'undici-types': [ '6.21.0' ],
82 silly audit   unixify: [ '1.0.0' ],
82 silly audit   unpipe: [ '1.0.0' ],
82 silly audit   'unrs-resolver': [ '1.12.2' ],
82 silly audit   'update-browserslist-db': [ '1.2.3' ],
82 silly audit   'upper-case': [ '2.0.2' ],
82 silly audit   'upper-case-first': [ '2.0.2' ],
82 silly audit   'uri-js': [ '4.4.1' ],
82 silly audit   'urlpattern-polyfill': [ '10.1.0' ],
82 silly audit   'util-deprecate': [ '1.0.2' ],
82 silly audit   'utils-merge': [ '1.0.1' ],
82 silly audit   valibot: [ '1.4.1' ],
82 silly audit   vary: [ '1.1.2' ],
82 silly audit   vite: [ '6.4.2' ],
82 silly audit   'vite-node': [ '3.2.4' ],
82 silly audit   'vite-tsconfig-paths': [ '5.1.4' ],
82 silly audit   wcwidth: [ '1.0.1' ],
82 silly audit   'web-streams-polyfill': [ '3.3.3' ],
82 silly audit   'webidl-conversions': [ '3.0.1' ],
82 silly audit   'whatwg-mimetype': [ '4.0.0' ],
82 silly audit   'whatwg-url': [ '5.0.0' ],
82 silly audit   which: [ '2.0.2' ],
82 silly audit   'which-boxed-primitive': [ '1.1.1' ],
82 silly audit   'which-builtin-type': [ '1.2.1' ],
82 silly audit   'which-collection': [ '1.0.2' ],
82 silly audit   'which-typed-array': [ '1.1.20' ],
82 silly audit   'word-wrap': [ '1.2.5' ],
82 silly audit   wrappy: [ '1.0.2' ],
82 silly audit   ws: [ '8.21.0' ],
82 silly audit   y18n: [ '5.0.8' ],
82 silly audit   yallist: [ '3.1.1' ],
82 silly audit   yaml: [ '2.9.0' ],
82 silly audit   'yaml-ast-parser': [ '0.0.43' ],
82 silly audit   yargs: [ '17.7.2' ],
82 silly audit   'yargs-parser': [ '21.1.1' ],
82 silly audit   'yocto-queue': [ '0.1.0' ],
82 silly audit   '@shopify/polaris': [ '13.9.5' ],
82 silly audit   '@shopify/polaris-icons': [ '9.3.1' ],
82 silly audit   '@shopify/polaris-tokens': [ '9.4.2' ],
82 silly audit   '@types/react-transition-group': [ '4.4.12' ],
82 silly audit   'react-fast-compare': [ '3.2.2' ],
82 silly audit   'react-transition-group': [ '4.4.5' ],
82 silly audit   deepmerge: [ '4.3.1' ],
82 silly audit   'dom-helpers': [ '5.2.1' ]
82 silly audit }
83 http cache dom-helpers@https://registry.npmjs.org/dom-helpers/-/dom-helpers-5.2.1.tgz 0ms (cache hit)
84 http cache react-fast-compare@https://registry.npmjs.org/react-fast-compare/-/react-fast-compare-3.2.2.tgz 0ms (cache hit)
85 http cache react-transition-group@https://registry.npmjs.org/react-transition-group/-/react-transition-group-4.4.5.tgz 0ms (cache hit)
86 http cache @types/react-transition-group@https://registry.npmjs.org/@types/react-transition-group/-/react-transition-group-4.4.12.tgz 0ms (cache hit)
87 http cache @shopify/polaris-tokens@https://registry.npmjs.org/@shopify/polaris-tokens/-/polaris-tokens-9.4.2.tgz 0ms (cache hit)
88 http cache @shopify/polaris-icons@https://registry.npmjs.org/@shopify/polaris-icons/-/polaris-icons-9.3.1.tgz 0ms (cache hit)
89 http cache @shopify/polaris@https://registry.npmjs.org/@shopify/polaris/-/polaris-13.9.5.tgz 0ms (cache hit)
90 http cache deepmerge@https://registry.npmjs.org/deepmerge/-/deepmerge-4.3.1.tgz 0ms (cache hit)
91 silly tarball no local data for dom-helpers@https://registry.npmjs.org/dom-helpers/-/dom-helpers-5.2.1.tgz. Extracting by manifest.
92 silly tarball no local data for react-fast-compare@https://registry.npmjs.org/react-fast-compare/-/react-fast-compare-3.2.2.tgz. Extracting by manifest.
93 silly tarball no local data for react-transition-group@https://registry.npmjs.org/react-transition-group/-/react-transition-group-4.4.5.tgz. Extracting by manifest.
94 silly tarball no local data for @types/react-transition-group@https://registry.npmjs.org/@types/react-transition-group/-/react-transition-group-4.4.12.tgz. Extracting by manifest.
95 silly tarball no local data for @shopify/polaris-tokens@https://registry.npmjs.org/@shopify/polaris-tokens/-/polaris-tokens-9.4.2.tgz. Extracting by manifest.
96 silly tarball no local data for @shopify/polaris-icons@https://registry.npmjs.org/@shopify/polaris-icons/-/polaris-icons-9.3.1.tgz. Extracting by manifest.
97 silly tarball no local data for @shopify/polaris@https://registry.npmjs.org/@shopify/polaris/-/polaris-13.9.5.tgz. Extracting by manifest.
98 silly tarball no local data for deepmerge@https://registry.npmjs.org/deepmerge/-/deepmerge-4.3.1.tgz. Extracting by manifest.
99 http fetch GET 200 https://registry.npmjs.org/react-fast-compare/-/react-fast-compare-3.2.2.tgz 60ms (cache miss)
100 http fetch GET 200 https://registry.npmjs.org/react-transition-group/-/react-transition-group-4.4.5.tgz 76ms (cache miss)
101 http fetch GET 200 https://registry.npmjs.org/dom-helpers/-/dom-helpers-5.2.1.tgz 92ms (cache miss)
102 http fetch GET 200 https://registry.npmjs.org/deepmerge/-/deepmerge-4.3.1.tgz 123ms (cache miss)
103 http fetch GET 200 https://registry.npmjs.org/@types/react-transition-group/-/react-transition-group-4.4.12.tgz 151ms (cache miss)
104 http fetch POST 200 https://registry.npmjs.org/-/npm/v1/security/advisories/bulk 271ms
105 silly audit report {
105 silly audit report   minimatch: [
105 silly audit report     {
105 silly audit report       id: 1113465,
105 silly audit report       url: 'https://github.com/advisories/GHSA-3ppc-4f35-3m26',
105 silly audit report       title: 'minimatch has a ReDoS via repeated wildcards with non-matching literal in pattern',
105 silly audit report       severity: 'high',
105 silly audit report       vulnerable_versions: '>=9.0.0 <9.0.6',
105 silly audit report       cwe: [Array],
105 silly audit report       cvss: [Object]
105 silly audit report     },
105 silly audit report     {
105 silly audit report       id: 1113544,
105 silly audit report       url: 'https://github.com/advisories/GHSA-7r86-cg39-jmmj',
105 silly audit report       title: 'minimatch has ReDoS: matchOne() combinatorial backtracking via multiple non-adjacent GLOBSTAR segments',
105 silly audit report       severity: 'high',
105 silly audit report       vulnerable_versions: '>=9.0.0 <9.0.7',
105 silly audit report       cwe: [Array],
105 silly audit report       cvss: [Object]
105 silly audit report     },
105 silly audit report     {
105 silly audit report       id: 1113552,
105 silly audit report       url: 'https://github.com/advisories/GHSA-23c5-xmqv-rm74',
105 silly audit report       title: 'minimatch ReDoS: nested *() extglobs generate catastrophically backtracking regular expressions',
105 silly audit report       severity: 'high',
105 silly audit report       vulnerable_versions: '>=9.0.0 <9.0.7',
105 silly audit report       cwe: [Array],
105 silly audit report       cvss: [Object]
105 silly audit report     }
105 silly audit report   ],
105 silly audit report   lodash: [
105 silly audit report     {
105 silly audit report       id: 1115806,
105 silly audit report       url: 'https://github.com/advisories/GHSA-r5fr-rjxr-66jc',
105 silly audit report       title: 'lodash vulnerable to Code Injection via `_.template` imports key names',
105 silly audit report       severity: 'high',
105 silly audit report       vulnerable_versions: '>=4.0.0 <=4.17.23',
105 silly audit report       cwe: [Array],
105 silly audit report       cvss: [Object]
105 silly audit report     },
105 silly audit report     {
105 silly audit report       id: 1115810,
105 silly audit report       url: 'https://github.com/advisories/GHSA-f23m-r3pf-42rh',
105 silly audit report       title: 'lodash vulnerable to Prototype Pollution via array path bypass in `_.unset` and `_.omit`',
105 silly audit report       severity: 'moderate',
105 silly audit report       vulnerable_versions: '<=4.17.23',
105 silly audit report       cwe: [Array],
105 silly audit report       cvss: [Object]
105 silly audit report     }
105 silly audit report   ]
105 silly audit report }
106 silly packumentCache corgi:https://registry.npmjs.org/minimatch cache-miss
107 silly packumentCache corgi:https://registry.npmjs.org/lodash cache-miss
108 http fetch GET 200 https://registry.npmjs.org/minimatch 56ms (cache miss)
109 silly packumentCache corgi:https://registry.npmjs.org/minimatch set size:undefined disposed:false
110 http fetch GET 200 https://registry.npmjs.org/lodash 60ms (cache miss)
111 silly packumentCache corgi:https://registry.npmjs.org/lodash set size:undefined disposed:false
112 silly packumentCache corgi:https://registry.npmjs.org/@typescript-eslint%2ftypescript-estree cache-miss
113 http fetch GET 200 https://registry.npmjs.org/@shopify/polaris-tokens/-/polaris-tokens-9.4.2.tgz 801ms (cache miss)
114 http fetch GET 200 https://registry.npmjs.org/@shopify/polaris-icons/-/polaris-icons-9.3.1.tgz 932ms (cache miss)
115 http fetch GET 200 https://registry.npmjs.org/@shopify/polaris/-/polaris-13.9.5.tgz 1227ms (cache miss)
116 http fetch GET 200 https://registry.npmjs.org/@typescript-eslint%2ftypescript-estree 1494ms (cache miss)
117 silly packumentCache corgi:https://registry.npmjs.org/@typescript-eslint%2ftypescript-estree set size:undefined disposed:false
118 silly packumentCache corgi:https://registry.npmjs.org/@graphql-codegen%2fplugin-helpers cache-miss
119 http fetch GET 200 https://registry.npmjs.org/@graphql-codegen%2fplugin-helpers 645ms (cache miss)
120 silly packumentCache corgi:https://registry.npmjs.org/@graphql-codegen%2fplugin-helpers set size:undefined disposed:false
121 silly packumentCache corgi:https://registry.npmjs.org/@typescript-eslint%2fparser cache-miss
122 silly packumentCache corgi:https://registry.npmjs.org/@typescript-eslint%2ftype-utils cache-miss
123 silly packumentCache corgi:https://registry.npmjs.org/@typescript-eslint%2futils cache-miss
124 http fetch GET 200 https://registry.npmjs.org/@typescript-eslint%2futils 432ms (cache miss)
125 silly packumentCache corgi:https://registry.npmjs.org/@typescript-eslint%2futils set size:undefined disposed:false
126 http fetch GET 200 https://registry.npmjs.org/@typescript-eslint%2ftype-utils 11028ms (cache miss)
127 silly packumentCache corgi:https://registry.npmjs.org/@typescript-eslint%2ftype-utils set size:undefined disposed:false
128 http fetch GET 200 https://registry.npmjs.org/@typescript-eslint%2fparser 11807ms (cache miss)
129 silly packumentCache corgi:https://registry.npmjs.org/@typescript-eslint%2fparser set size:undefined disposed:false
130 silly packumentCache corgi:https://registry.npmjs.org/@graphql-codegen%2fadd cache-miss
131 silly packumentCache corgi:https://registry.npmjs.org/@graphql-codegen%2fcli cache-miss
132 silly packumentCache corgi:https://registry.npmjs.org/@graphql-codegen%2fclient-preset cache-miss
133 silly packumentCache corgi:https://registry.npmjs.org/@graphql-codegen%2fschema-ast cache-miss
134 silly packumentCache corgi:https://registry.npmjs.org/@graphql-codegen%2ftypescript cache-miss
135 silly packumentCache corgi:https://registry.npmjs.org/@graphql-codegen%2fcore cache-miss
136 silly packumentCache corgi:https://registry.npmjs.org/@graphql-codegen%2fgql-tag-operations cache-miss
137 silly packumentCache corgi:https://registry.npmjs.org/@graphql-codegen%2fintrospection cache-miss
138 silly packumentCache corgi:https://registry.npmjs.org/@graphql-codegen%2ftyped-document-node cache-miss
139 silly packumentCache corgi:https://registry.npmjs.org/@graphql-codegen%2ftypescript-operations cache-miss
140 silly packumentCache corgi:https://registry.npmjs.org/@graphql-codegen%2fvisitor-plugin-common cache-miss
141 http fetch GET 200 https://registry.npmjs.org/@graphql-codegen%2fgql-tag-operations 831ms (cache miss)
142 silly packumentCache corgi:https://registry.npmjs.org/@graphql-codegen%2fgql-tag-operations set size:undefined disposed:false
143 http fetch GET 200 https://registry.npmjs.org/@graphql-codegen%2ftyped-document-node 2309ms (cache miss)
144 silly packumentCache corgi:https://registry.npmjs.org/@graphql-codegen%2ftyped-document-node set size:undefined disposed:false
145 http fetch GET 200 https://registry.npmjs.org/@graphql-codegen%2fcore 2624ms (cache miss)
146 silly packumentCache corgi:https://registry.npmjs.org/@graphql-codegen%2fcore set size:undefined disposed:false
147 http fetch GET 200 https://registry.npmjs.org/@graphql-codegen%2ftypescript-operations 9576ms (cache miss)
148 silly packumentCache corgi:https://registry.npmjs.org/@graphql-codegen%2ftypescript-operations set size:undefined disposed:false
149 http fetch GET 200 https://registry.npmjs.org/@graphql-codegen%2fclient-preset 10245ms (cache miss)
150 silly packumentCache corgi:https://registry.npmjs.org/@graphql-codegen%2fclient-preset set size:undefined disposed:false
151 http fetch GET 200 https://registry.npmjs.org/@graphql-codegen%2fadd 10392ms (cache miss)
152 silly packumentCache corgi:https://registry.npmjs.org/@graphql-codegen%2fadd set size:undefined disposed:false
153 http fetch GET 200 https://registry.npmjs.org/@graphql-codegen%2fschema-ast 11102ms (cache miss)
154 silly packumentCache corgi:https://registry.npmjs.org/@graphql-codegen%2fschema-ast set size:undefined disposed:false
155 http fetch GET 200 https://registry.npmjs.org/@graphql-codegen%2fintrospection 11352ms (cache miss)
156 silly packumentCache corgi:https://registry.npmjs.org/@graphql-codegen%2fintrospection set size:undefined disposed:false
157 http fetch GET 200 https://registry.npmjs.org/@graphql-codegen%2ftypescript 11447ms (cache miss)
158 silly packumentCache corgi:https://registry.npmjs.org/@graphql-codegen%2ftypescript set size:undefined disposed:false
159 http fetch GET 200 https://registry.npmjs.org/@graphql-codegen%2fcli 11662ms (cache miss)
160 silly packumentCache corgi:https://registry.npmjs.org/@graphql-codegen%2fcli set size:undefined disposed:false
161 http fetch GET 200 https://registry.npmjs.org/@graphql-codegen%2fvisitor-plugin-common 12119ms (cache miss)
162 silly packumentCache corgi:https://registry.npmjs.org/@graphql-codegen%2fvisitor-plugin-common set size:undefined disposed:false
163 silly packumentCache corgi:https://registry.npmjs.org/@typescript-eslint%2feslint-plugin cache-miss
164 http fetch GET 200 https://registry.npmjs.org/@typescript-eslint%2feslint-plugin 5835ms (cache miss)
165 silly packumentCache corgi:https://registry.npmjs.org/@typescript-eslint%2feslint-plugin set size:undefined disposed:false
166 silly packumentCache corgi:https://registry.npmjs.org/@shopify%2fgraphql-codegen cache-miss
167 http fetch GET 200 https://registry.npmjs.org/@shopify%2fgraphql-codegen 2133ms (cache miss)
168 silly packumentCache corgi:https://registry.npmjs.org/@shopify%2fgraphql-codegen set size:undefined disposed:false
169 silly packumentCache corgi:https://registry.npmjs.org/@shopify%2fapi-codegen-preset cache-miss
170 http fetch GET 200 https://registry.npmjs.org/@shopify%2fapi-codegen-preset 751ms (cache miss)
171 silly packumentCache corgi:https://registry.npmjs.org/@shopify%2fapi-codegen-preset set size:undefined disposed:false
172 silly ADD node_modules/dom-helpers
173 silly ADD node_modules/deepmerge
174 silly ADD node_modules/react-transition-group
175 silly ADD node_modules/react-fast-compare
176 silly ADD node_modules/@types/react-transition-group
177 silly ADD node_modules/@shopify/polaris-tokens
178 silly ADD node_modules/@shopify/polaris-icons
179 silly ADD node_modules/@shopify/polaris
180 verbose cwd /Users/khushal/Desktop/Learning/Shopify App/migration-app
181 verbose os Darwin 25.5.0
182 verbose node v26.1.0
183 verbose npm  v11.13.0
184 notice
184 notice New minor version of npm available! 11.13.0 -> 11.15.0
184 notice Changelog: https://github.com/npm/cli/releases/tag/v11.15.0
184 notice To update run: npm install -g npm@11.15.0
184 notice  { force: true, Symbol(proc-log.meta): true }
185 verbose exit 0
186 info ok
